// Jest Snapshot v1, https://goo.gl/fbAQLP

exports[`transformBudgetData works on single 1`] = `
Object {
  "months": Array [
    "Sep2014",
  ],
  "popupCells": Array [
    Object {
      "accountName": "main",
      "id": "owner1_main_Sep2014",
      "month": "Sep2014",
      "stmt": Object {
        "addSub": 100,
        "endBalance": Object {
          "amount": 3000,
          "date": 2020-04-30T00:00:00.000Z,
          "type": "PROJECTED",
        },
        "hasProjectedTransfer": true,
        "inFlows": 150,
        "income": 0,
        "isClosed": true,
        "isCovered": true,
        "isProjectedCovered": true,
        "outFlows": 50,
        "percentChange": 1.4,
        "startBalance": Object {
          "amount": 2900,
          "date": 2020-04-03T00:00:00.000Z,
          "type": "PROJECTED",
        },
        "totalPayments": 0,
        "totalTransfers": 0,
        "transactions": Array [],
        "unaccounted": 500,
      },
    },
    Object {
      "account": Object {
        "address": "some place",
        "closedOn": null,
        "description": "Main account",
        "external": false,
        "name": "main",
        "number": "123",
        "openedOn": "Aug2014",
        "owners": Array [
          "owner1",
          "owner2",
        ],
        "password": "password",
        "phone": "123-456-7890",
        "summary": false,
        "type": "credit",
        "url": "http://somewhere",
        "userName": "user1",
      },
      "id": "main",
    },
    Object {
      "accountName": "owner1 credit",
      "id": "owner1_credit_Sep2014",
      "month": "Sep2014",
      "statements": Array [
        Object {
          "name": "main",
          "stmt": Object {
            "addSub": 100,
            "endBalance": Object {
              "amount": 3000,
              "date": 2020-04-30T00:00:00.000Z,
              "type": "PROJECTED",
            },
            "hasProjectedTransfer": true,
            "inFlows": 150,
            "income": 0,
            "isClosed": true,
            "isCovered": true,
            "isProjectedCovered": true,
            "outFlows": 50,
            "percentChange": 1.4,
            "startBalance": Object {
              "amount": 2900,
              "date": 2020-04-03T00:00:00.000Z,
              "type": "PROJECTED",
            },
            "totalPayments": 0,
            "totalTransfers": 0,
            "transactions": Array [],
            "unaccounted": 500,
          },
        },
      ],
      "summary": Object {
        "accounts": Array [
          "main",
        ],
        "addSub": 100,
        "endBalance": Object {
          "amount": 3000,
          "date": 2020-04-30T00:00:00.000Z,
          "type": "PROJECTED",
        },
        "hasProjectedTransfer": true,
        "inFlows": 150,
        "income": 0,
        "isClosed": true,
        "isCovered": true,
        "isProjectedCovered": true,
        "outFlows": 50,
        "percentChange": 1.4,
        "startBalance": Object {
          "amount": 2900,
          "date": 2020-04-03T00:00:00.000Z,
          "type": "PROJECTED",
        },
        "totalPayments": 0,
        "totalTransfers": 0,
        "transactions": Array [],
        "unaccounted": 200,
      },
    },
    Object {
      "accountName": "main",
      "id": "owner2_main_Sep2014",
      "month": "Sep2014",
      "stmt": Object {
        "addSub": 100,
        "endBalance": Object {
          "amount": 3000,
          "date": 2020-04-30T00:00:00.000Z,
          "type": "PROJECTED",
        },
        "hasProjectedTransfer": true,
        "inFlows": 150,
        "income": 0,
        "isClosed": true,
        "isCovered": true,
        "isProjectedCovered": true,
        "outFlows": 50,
        "percentChange": 1.4,
        "startBalance": Object {
          "amount": 2900,
          "date": 2020-04-03T00:00:00.000Z,
          "type": "PROJECTED",
        },
        "totalPayments": 0,
        "totalTransfers": 0,
        "transactions": Array [],
        "unaccounted": 500,
      },
    },
    Object {
      "account": Object {
        "address": "some place",
        "closedOn": null,
        "description": "Main account",
        "external": false,
        "name": "main",
        "number": "123",
        "openedOn": "Aug2014",
        "owners": Array [
          "owner1",
          "owner2",
        ],
        "password": "password",
        "phone": "123-456-7890",
        "summary": false,
        "type": "credit",
        "url": "http://somewhere",
        "userName": "user1",
      },
      "id": "main",
    },
    Object {
      "accountName": "owner2 credit",
      "id": "owner2_credit_Sep2014",
      "month": "Sep2014",
      "statements": Array [
        Object {
          "name": "main",
          "stmt": Object {
            "addSub": 100,
            "endBalance": Object {
              "amount": 3000,
              "date": 2020-04-30T00:00:00.000Z,
              "type": "PROJECTED",
            },
            "hasProjectedTransfer": true,
            "inFlows": 150,
            "income": 0,
            "isClosed": true,
            "isCovered": true,
            "isProjectedCovered": true,
            "outFlows": 50,
            "percentChange": 1.4,
            "startBalance": Object {
              "amount": 2900,
              "date": 2020-04-03T00:00:00.000Z,
              "type": "PROJECTED",
            },
            "totalPayments": 0,
            "totalTransfers": 0,
            "transactions": Array [],
            "unaccounted": 500,
          },
        },
      ],
      "summary": Object {
        "accounts": Array [
          "main",
        ],
        "addSub": 100,
        "endBalance": Object {
          "amount": 3000,
          "date": 2020-04-03T00:00:00.000Z,
          "type": "PROJECTED",
        },
        "hasProjectedTransfer": true,
        "inFlows": 150,
        "income": 0,
        "isClosed": true,
        "isCovered": true,
        "isProjectedCovered": true,
        "outFlows": 50,
        "percentChange": 1.4,
        "startBalance": Object {
          "amount": 2900,
          "date": 2020-04-30T00:00:00.000Z,
          "type": "PROJECTED",
        },
        "totalPayments": 0,
        "totalTransfers": 0,
        "transactions": Array [],
        "unaccounted": 200,
      },
    },
  ],
  "rows": Array [
    Row {
      "cells": Array [],
      "isNormal": false,
      "isSpace": true,
      "isTotal": false,
      "title": "owner1",
    },
    Row {
      "cells": Array [],
      "isNormal": false,
      "isSpace": true,
      "isTotal": false,
      "title": "*** owner1 - credit *** accounts",
    },
    Row {
      "cells": Array [
        Cell {
          "addSub": 100,
          "balance": 3000,
          "balanced": false,
          "hasProjectedTransfer": true,
          "id": "owner1_main_Sep2014",
          "isClosed": true,
          "isCovered": true,
          "isProjected": true,
          "isProjectedCovered": true,
          "percentChange": 1.4,
          "unaccounted": 500,
        },
      ],
      "isNormal": true,
      "isSpace": false,
      "isTotal": false,
      "title": Object {
        "address": "some place",
        "closedOn": null,
        "description": "Main account",
        "external": false,
        "name": "main",
        "number": "123",
        "openedOn": "Aug2014",
        "owners": Array [
          "owner1",
          "owner2",
        ],
        "password": "password",
        "phone": "123-456-7890",
        "summary": false,
        "type": "credit",
        "url": "http://somewhere",
        "userName": "user1",
      },
    },
    Row {
      "cells": Array [
        Cell {
          "addSub": 100,
          "balance": 3000,
          "balanced": false,
          "hasProjectedTransfer": true,
          "id": "owner1_credit_Sep2014",
          "isClosed": true,
          "isCovered": true,
          "isProjected": true,
          "isProjectedCovered": true,
          "percentChange": 1.4,
          "unaccounted": 200,
        },
      ],
      "isNormal": false,
      "isSpace": false,
      "isTotal": true,
      "title": "owner1 credit",
    },
    Row {
      "cells": Array [],
      "isNormal": false,
      "isSpace": true,
      "isTotal": false,
      "title": "owner2",
    },
    Row {
      "cells": Array [],
      "isNormal": false,
      "isSpace": true,
      "isTotal": false,
      "title": "*** owner2 - credit *** accounts",
    },
    Row {
      "cells": Array [
        Cell {
          "addSub": 100,
          "balance": 3000,
          "balanced": false,
          "hasProjectedTransfer": true,
          "id": "owner2_main_Sep2014",
          "isClosed": true,
          "isCovered": true,
          "isProjected": true,
          "isProjectedCovered": true,
          "percentChange": 1.4,
          "unaccounted": 500,
        },
      ],
      "isNormal": true,
      "isSpace": false,
      "isTotal": false,
      "title": Object {
        "address": "some place",
        "closedOn": null,
        "description": "Main account",
        "external": false,
        "name": "main",
        "number": "123",
        "openedOn": "Aug2014",
        "owners": Array [
          "owner1",
          "owner2",
        ],
        "password": "password",
        "phone": "123-456-7890",
        "summary": false,
        "type": "credit",
        "url": "http://somewhere",
        "userName": "user1",
      },
    },
    Row {
      "cells": Array [
        Cell {
          "addSub": 100,
          "balance": 3000,
          "balanced": false,
          "hasProjectedTransfer": true,
          "id": "owner2_credit_Sep2014",
          "isClosed": true,
          "isCovered": true,
          "isProjected": true,
          "isProjectedCovered": true,
          "percentChange": 1.4,
          "unaccounted": 200,
        },
      ],
      "isNormal": false,
      "isSpace": false,
      "isTotal": true,
      "title": "owner2 credit",
    },
  ],
}
`;
