// Jest Snapshot v1, https://goo.gl/fbAQLP

exports[`gqlSummary load 1`] = `
{
  "statements": [
    {
      "addSub": 0,
      "annualizedPercentChange": 60.51,
      "change": -58,
      "endBalance": {
        "amount": -1500,
        "date": 2015-03-02T00:00:00.000Z,
        "type": "PROJECTED",
      },
      "hasProjectedTransfer": false,
      "inFlows": 0,
      "income": 0,
      "isClosed": false,
      "isCovered": false,
      "isProjectedCovered": false,
      "month": Month {
        "month": 1,
        "year": 2015,
      },
      "name": "gas",
      "outFlows": 0,
      "percentChange": 4.02,
      "startBalance": {
        "amount": -1442,
        "date": 2015-02-02T00:00:00.000Z,
        "type": "CONFIRMED",
      },
      "totalPayments": 0,
      "totalTransfers": 0,
      "transactions": [],
      "unaccounted": -58,
    },
  ],
  "total": {
    "accounts": [
      "gas",
    ],
    "addSub": 0,
    "annualizedPercentChange": 60.51,
    "change": -58,
    "endBalance": {
      "amount": -1500,
      "date": 2015-03-02T00:00:00.000Z,
      "type": "PROJECTED",
    },
    "inFlows": 0,
    "income": 0,
    "month": Month {
      "month": 1,
      "year": 2015,
    },
    "name": "john BILL",
    "outFlows": 0,
    "percentChange": 4.02,
    "startBalance": {
      "amount": -1442,
      "date": 2015-02-02T00:00:00.000Z,
      "type": "CONFIRMED",
    },
    "totalPayments": 0,
    "totalTransfers": 0,
    "unaccounted": -58,
  },
}
`;

exports[`gqlTable load 1`] = `
{
  "currentOwner": "john",
  "months": [
    Month {
      "month": 3,
      "year": 2015,
    },
    Month {
      "month": 2,
      "year": 2015,
    },
    Month {
      "month": 1,
      "year": 2015,
    },
    Month {
      "month": 0,
      "year": 2015,
    },
    Month {
      "month": 11,
      "year": 2014,
    },
  ],
  "owners": [
    "john",
    "xxx",
  ],
  "rows": [
    {
      "cells": [
        {
          "addSub": 0,
          "balance": undefined,
          "balanced": true,
          "isProjected": true,
          "month": Month {
            "month": 3,
            "year": 2015,
          },
          "percentChange": undefined,
          "unaccounted": undefined,
        },
        {
          "addSub": 0,
          "balance": -1500,
          "balanced": true,
          "isProjected": true,
          "month": Month {
            "month": 2,
            "year": 2015,
          },
          "percentChange": 0,
          "unaccounted": 0,
        },
        {
          "addSub": 0,
          "balance": -1500,
          "balanced": false,
          "isProjected": true,
          "month": Month {
            "month": 1,
            "year": 2015,
          },
          "percentChange": 4.02,
          "unaccounted": -58,
        },
        {
          "addSub": -4912,
          "balance": -1442,
          "balanced": false,
          "isProjected": false,
          "month": Month {
            "month": 0,
            "year": 2015,
          },
          "percentChange": 283.51,
          "unaccounted": 3846,
        },
        {
          "addSub": 0,
          "balance": -376,
          "balanced": true,
          "isProjected": false,
          "month": Month {
            "month": 11,
            "year": 2014,
          },
          "percentChange": undefined,
          "unaccounted": undefined,
        },
      ],
      "isTotal": true,
      "title": "john",
    },
    {
      "cells": [],
      "isSpace": true,
      "title": "BILL accounts",
    },
    {
      "account": {
        "address": undefined,
        "external": false,
        "name": "gas",
        "number": "1234567",
        "openedOn": Month {
          "month": 8,
          "year": 2014,
        },
        "owners": [
          "john",
        ],
        "password": "password",
        "path": [],
        "phone": undefined,
        "summary": false,
        "type": "BILL",
        "url": "http://www.gas.com/",
        "userName": "john",
      },
      "cells": [
        {
          "addSub": 0,
          "balance": undefined,
          "balanced": true,
          "hasProjectedTransfer": false,
          "isClosed": false,
          "isCovered": true,
          "isProjected": false,
          "isProjectedCovered": true,
          "month": Month {
            "month": 3,
            "year": 2015,
          },
          "percentChange": undefined,
          "unaccounted": undefined,
        },
        {
          "addSub": 0,
          "balance": -1500,
          "balanced": true,
          "hasProjectedTransfer": false,
          "isClosed": false,
          "isCovered": false,
          "isProjected": true,
          "isProjectedCovered": false,
          "month": Month {
            "month": 2,
            "year": 2015,
          },
          "percentChange": 0,
          "unaccounted": 0,
        },
        {
          "addSub": 0,
          "balance": -1500,
          "balanced": false,
          "hasProjectedTransfer": false,
          "isClosed": false,
          "isCovered": false,
          "isProjected": true,
          "isProjectedCovered": false,
          "month": Month {
            "month": 1,
            "year": 2015,
          },
          "percentChange": 4.02,
          "unaccounted": -58,
        },
        {
          "addSub": -847,
          "balance": -1442,
          "balanced": false,
          "hasProjectedTransfer": false,
          "isClosed": false,
          "isCovered": false,
          "isProjected": false,
          "isProjectedCovered": false,
          "month": Month {
            "month": 0,
            "year": 2015,
          },
          "percentChange": -8.15,
          "unaccounted": 975,
        },
        {
          "addSub": 0,
          "balance": -1570,
          "balanced": true,
          "hasProjectedTransfer": false,
          "isClosed": false,
          "isCovered": true,
          "isProjected": false,
          "isProjectedCovered": true,
          "month": Month {
            "month": 11,
            "year": 2014,
          },
          "percentChange": undefined,
          "unaccounted": undefined,
        },
      ],
      "isNormal": true,
      "title": "gas",
    },
    {
      "account": {
        "address": undefined,
        "closedOn": Month {
          "month": 0,
          "year": 2015,
        },
        "external": false,
        "name": "phone",
        "number": "1234567890",
        "openedOn": Month {
          "month": 0,
          "year": 2011,
        },
        "owners": [
          "john",
        ],
        "password": "password",
        "path": [],
        "phone": undefined,
        "summary": false,
        "type": "BILL",
        "url": "http://verizon.com",
        "userName": "john",
      },
      "cells": [
        {
          "addSub": 0,
          "balance": undefined,
          "balanced": true,
          "hasProjectedTransfer": false,
          "isClosed": true,
          "isCovered": true,
          "isProjected": false,
          "isProjectedCovered": true,
          "month": Month {
            "month": 3,
            "year": 2015,
          },
          "percentChange": undefined,
          "unaccounted": undefined,
        },
        {
          "addSub": 0,
          "balance": undefined,
          "balanced": true,
          "hasProjectedTransfer": false,
          "isClosed": true,
          "isCovered": true,
          "isProjected": false,
          "isProjectedCovered": true,
          "month": Month {
            "month": 2,
            "year": 2015,
          },
          "percentChange": undefined,
          "unaccounted": undefined,
        },
        {
          "addSub": 0,
          "balance": undefined,
          "balanced": true,
          "hasProjectedTransfer": false,
          "isClosed": true,
          "isCovered": true,
          "isProjected": false,
          "isProjectedCovered": true,
          "month": Month {
            "month": 1,
            "year": 2015,
          },
          "percentChange": undefined,
          "unaccounted": undefined,
        },
        {
          "addSub": -4065,
          "balance": 0,
          "balanced": false,
          "hasProjectedTransfer": false,
          "isClosed": false,
          "isCovered": true,
          "isProjected": false,
          "isProjectedCovered": true,
          "month": Month {
            "month": 0,
            "year": 2015,
          },
          "percentChange": -100,
          "unaccounted": 2871,
        },
        {
          "addSub": 0,
          "balance": 1194,
          "balanced": true,
          "hasProjectedTransfer": false,
          "isClosed": false,
          "isCovered": true,
          "isProjected": false,
          "isProjectedCovered": true,
          "month": Month {
            "month": 11,
            "year": 2014,
          },
          "percentChange": undefined,
          "unaccounted": undefined,
        },
      ],
      "isNormal": true,
      "title": "phone",
    },
    {
      "cells": [
        {
          "addSub": 0,
          "annualizedPercentChange": undefined,
          "balance": undefined,
          "balanced": true,
          "isClosed": false,
          "isProjected": true,
          "month": Month {
            "month": 3,
            "year": 2015,
          },
          "percentChange": undefined,
          "unaccounted": undefined,
        },
        {
          "addSub": 0,
          "annualizedPercentChange": 0,
          "balance": -1500,
          "balanced": true,
          "isClosed": false,
          "isProjected": true,
          "month": Month {
            "month": 2,
            "year": 2015,
          },
          "percentChange": 0,
          "unaccounted": 0,
        },
        {
          "addSub": 0,
          "annualizedPercentChange": 60.51,
          "balance": -1500,
          "balanced": false,
          "isClosed": false,
          "isProjected": true,
          "month": Month {
            "month": 1,
            "year": 2015,
          },
          "percentChange": 4.02,
          "unaccounted": -58,
        },
        {
          "addSub": -4912,
          "annualizedPercentChange": undefined,
          "balance": -1442,
          "balanced": false,
          "isClosed": false,
          "isProjected": false,
          "month": Month {
            "month": 0,
            "year": 2015,
          },
          "percentChange": 283.51,
          "unaccounted": 3846,
        },
        {
          "addSub": 0,
          "annualizedPercentChange": undefined,
          "balance": -376,
          "balanced": true,
          "isClosed": false,
          "isProjected": false,
          "month": Month {
            "month": 11,
            "year": 2014,
          },
          "percentChange": undefined,
          "unaccounted": undefined,
        },
      ],
      "isTotal": true,
      "title": "BILL",
    },
  ],
}
`;
